[*] Pass A: collecting headword index ...
[OK] Pass A: entries=64659 unique=64390 redirects=218252 skipped=2106 records=285017
[*] Alias plan: rows planned=181274 unresolvable=5150
[*] Pass B: rendering structured content ...
    -> wrote term_bank_1.json (10000 rows)
    -> wrote term_bank_2.json (10000 rows)
    -> wrote term_bank_3.json (10000 rows)
    -> wrote term_bank_4.json (10000 rows)
    -> wrote term_bank_5.json (10000 rows)
    -> wrote term_bank_6.json (10000 rows)
    -> wrote term_bank_7.json (10000 rows)
    -> wrote term_bank_8.json (10000 rows)
    -> wrote term_bank_9.json (10000 rows)
    -> wrote term_bank_10.json (10000 rows)
    -> wrote term_bank_11.json (10000 rows)
    -> wrote term_bank_12.json (10000 rows)
    -> wrote term_bank_13.json (10000 rows)
    -> wrote term_bank_14.json (10000 rows)
    -> wrote term_bank_15.json (10000 rows)
    -> wrote term_bank_16.json (10000 rows)
    -> wrote term_bank_17.json (10000 rows)
    -> wrote term_bank_18.json (10000 rows)
    -> wrote term_bank_19.json (10000 rows)
    -> wrote term_bank_20.json (10000 rows)
    -> wrote term_bank_21.json (10000 rows)
    -> wrote term_bank_22.json (10000 rows)
    -> wrote term_bank_23.json (10000 rows)
    -> wrote term_bank_24.json (10000 rows)
[*] Redirect rows: 181274 (dropped unresolvable: 0)
    -> wrote term_bank_25.json (5933 rows)
[*] Compressed LDOCE5pp_Yomitan_2026.09.10.zip
[*] Top unknown classes kept generically:
           7196  Tail
             11  Error

=== Stats ===
[*] Records scanned: 285017
[*] Rendered entries: 64390
[*] Redirect rows: 181274 (alias keys: 186424)
[*] Empty after render: 0
[*] Render errors: 0
[*] Query links: live=1946990 demoted=4596
[*] Elapsed: 468.9s
[*] Validating package ...
[*] Validator: rows=245933 banks=25 query_links=1946990 dangling=0 redirect_items=209756 seq_ok=1
[OK] Validation passed.
[OK] Dictionary package: yomitan_full\LDOCE5pp_Yomitan_2026.09.10.zip
EXIT=0
