样本词条 = 800
源侧词元 = 192189   输出侧词元 = 197459
未到达输出的词元 = 3340  (1.738% of source)
有缺失的词条 = 800 (100.0%)

缺失词元 TOP 20:
       283  'c'
       239  'u'
       169  'a'
       151  'adj'
       135  't'
        75  'bre'
        62  'i'
        59  'adv'
        46  'etc'
        45  'of'
        43  'something'
        36  'ame'
        32  'phr'
        32  'v'
        31  'the'
        26  '1'
        23  '2'
        19  'to'
        18  'in'
        14  'act'

缺失最多的词条 TOP 6:
   'action'                 缺失 80: ['c', 'u', 'meaning', 'something', 'a', 'action', 'process', 'to']
   'act'                    缺失 51: ['c', 'i', 'phr', 'v', 'act', '1', 'that', 't']
   'active'                 缺失 38: ['active', '1', 'adj', 'doing', 'things', 'or', 'meaning', 'inaction']
   'accident'               缺失 36: ['ame', 'c', 'is', '事', 'accident', '2', 'in', 'a']
   'advantage'              缺失 31: ['c', 'u', 'advantage', 'disadvantaged', '2', 'disadvantage', 'the', 'disadvantageous']
   'advance'                缺失 22: ['i', 'c', 't', 'advance', 'adj', '2']

判读：`i/t/u/c/adj/adv/phr/v` 是 landscape 语法码（我们取其中一种渲染）；
      `see/picture/见图` 类若出现在 top 里即是 D8（已知、待修）。
