old = C:\workspace\ldoce\_baseline\LDOCE5pp_Yomitan_2026.09.10.BASELINE.zip
new = C:\workspace\ldoce\yomitan_full\LDOCE5pp_Yomitan_2026.09.10.zip

metric                           old         new       delta
rows                          245933      245933          +0
entries                        64659       64659          +0
aliases                       181274      181274          +0
exprs                         245664      245664          +0
seq_contiguous                     1           1          +0
headword_polluted              16751           0      -16751  <-- changed
ld-defcn                          34      119283     +119249  <-- changed
ld-def                        252702      133453     -119249  <-- changed
ld-zh                         166872       47623     -119249  <-- changed
ld-excn                       118604      118604          +0
ld-hyp                         73017       73017          +0
ld-register                    20111       27011       +6900  <-- changed
ld-geo                         11375       15677       +4302  <-- changed
ld-fieldxx                      1724        3410       +1686  <-- changed
ld-field                       39274       39920        +646  <-- changed
ld-lexvar                       7667       15666       +7999  <-- changed
ld-homophone                       0        1194       +1194  <-- changed
ld-gloss                       25030       26458       +1428  <-- changed
ld-refhwd                      56925       56973         +48  <-- changed
ld-collo                       39798       42583       +2785  <-- changed

CSS classes missing in new: none

== headword changes (sampled) ==
heads that changed: 26706 / 64390
  "'Twas the Night Before Christmas"
     old: [ld-hwd-wrap:[ld-hwd:'Twas the [ld-hyp:·]Night Before [ld-hyp:·]Christmas]]
     new: [ld-hwd-wrap:[ld-hwd:'Twas the [ld-hyp:ˌ]Night Before [ld-hyp:ˈ]Christmas]]
  "'tis"
     old: [ld-hwd-wrap:[ld-hwd:'tis]literary]
     new: [ld-hwd-wrap:[ld-hwd:'tis]]
  "'ve"
     old: [ld-hwd-wrap:[ld-hwd:'ve]→ of , have]
     new: [ld-hwd-wrap:[ld-hwd:'ve]]
  "-'s"
     old: [ld-hwd-wrap:[ld-sup:1][ld-hwd:-'s]]
     new: [ld-hwd-wrap:[ld-hwd:-'s][ld-sup:1]]
  '-ance'
     old: [ld-hwd-wrap:[ld-hwd:-ance], -ence]
     new: [ld-hwd-wrap:[ld-hwd:-ance]]
  '-ancy'
     old: [ld-hwd-wrap:[ld-hwd:-ancy], -ency]
     new: [ld-hwd-wrap:[ld-hwd:-ancy]]
  '-ery'
     old: [ld-hwd-wrap:[ld-hwd:-ery]( also -ry )]
     new: [ld-hwd-wrap:[ld-hwd:-ery]]
  '-eth'
     old: [ld-hwd-wrap:[ld-hwd:-eth]( also -th ) old use or Biblical]
     new: [ld-hwd-wrap:[ld-hwd:-eth]]
  '-ful'
     old: [ld-hwd-wrap:[ld-sup:1][ld-hwd:-ful]]
     new: [ld-hwd-wrap:[ld-hwd:-ful][ld-sup:1]]
  '-iana'
     old: [ld-hwd-wrap:[ld-hwd:-iana]( also -ana )]
     new: [ld-hwd-wrap:[ld-hwd:-iana]]
  '-icide'
     old: [ld-hwd-wrap:[ld-hwd:-icide]( also -cide )]
     new: [ld-hwd-wrap:[ld-hwd:-icide]]
  '-ide'
     old: [ld-hwd-wrap:[ld-hwd:-ide]technical]
     new: [ld-hwd-wrap:[ld-hwd:-ide]]
  '-ie'
     old: [ld-hwd-wrap:[ld-hwd:-ie]informal]
     new: [ld-hwd-wrap:[ld-hwd:-ie]]
  '-iform'
     old: [ld-hwd-wrap:[ld-hwd:-iform]technical]
     new: [ld-hwd-wrap:[ld-hwd:-iform]]
  '-ify'
     old: [ld-hwd-wrap:[ld-hwd:-ify]( also -fy )]
     new: [ld-hwd-wrap:[ld-hwd:-ify]]
  '-ity'
     old: [ld-hwd-wrap:[ld-hwd:-ity]( also -ty )]
     new: [ld-hwd-wrap:[ld-hwd:-ity]]
  '-ization'
     old: [ld-hwd-wrap:[ld-hwd:-ization]( also -isation British English )]
     new: [ld-hwd-wrap:[ld-hwd:-ization]]
  '-ize'
     old: [ld-hwd-wrap:[ld-hwd:-ize]( also -ise British English )]
     new: [ld-hwd-wrap:[ld-hwd:-ize]]
  '-logue'
     old: [ld-hwd-wrap:[ld-hwd:-logue]( also -log American English )]
     new: [ld-hwd-wrap:[ld-hwd:-logue]]
  '-ocracy'
     old: [ld-hwd-wrap:[ld-hwd:-ocracy]( also -cracy )]
     new: [ld-hwd-wrap:[ld-hwd:-ocracy]]
audit6 exit=0
